{"timestamp": "2025-08-02 16:17:33", "level": "INFO", "name": "app.main", "message": "Starting BigFarma Backend API"}
{"timestamp": "2025-08-02 16:20:31", "level": "ERROR", "name": "app.services.auth", "message": "Error creating user: (psycopg2.OperationalError) could not translate host name "db.xpypcbugicjtzjrtorse.supabase.co" to address: Name or service not known

(Background on this error at: https://sqlalche.me/e/20/e3q8)"}
{"timestamp": "2025-08-02 16:20:31", "level": "ERROR", "name": "app.api.v1.endpoints.auth", "message": "Error in user registration: (psycopg2.OperationalError) could not translate host name "db.xpypcbugicjtzjrtorse.supabase.co" to address: Name or service not known

(Background on this error at: https://sqlalche.me/e/20/e3q8)"}
{"timestamp": "2025-08-02 16:21:20", "level": "INFO", "name": "app.main", "message": "Shutting down BigFarma Backend API"}
{"timestamp": "2025-08-02 16:21:25", "level": "INFO", "name": "app.main", "message": "Starting BigFarma Backend API"}
{"timestamp": "2025-08-02 16:21:27", "level": "ERROR", "name": "app.services.auth", "message": "Error creating user: (psycopg2.OperationalError) could not translate host name "db.xpypcbugicjtzjrtorse.supabase.co" to address: Name or service not known

(Background on this error at: https://sqlalche.me/e/20/e3q8)"}
{"timestamp": "2025-08-02 16:21:27", "level": "ERROR", "name": "app.api.v1.endpoints.auth", "message": "Error in user registration: (psycopg2.OperationalError) could not translate host name "db.xpypcbugicjtzjrtorse.supabase.co" to address: Name or service not known

(Background on this error at: https://sqlalche.me/e/20/e3q8)"}
{"timestamp": "2025-08-02 16:24:30", "level": "ERROR", "name": "app.services.auth", "message": "Error creating user: (psycopg2.OperationalError) could not translate host name "db.xpypcbugicjtzjrtorse.supabase.co" to address: Name or service not known

(Background on this error at: https://sqlalche.me/e/20/e3q8)"}
{"timestamp": "2025-08-02 16:24:30", "level": "ERROR", "name": "app.api.v1.endpoints.auth", "message": "Error in user registration: (psycopg2.OperationalError) could not translate host name "db.xpypcbugicjtzjrtorse.supabase.co" to address: Name or service not known

(Background on this error at: https://sqlalche.me/e/20/e3q8)"}
{"timestamp": "2025-08-02 16:24:33", "level": "INFO", "name": "app.main", "message": "Shutting down BigFarma Backend API"}
{"timestamp": "2025-08-02 16:25:00", "level": "INFO", "name": "app.main", "message": "Starting BigFarma Backend API"}
{"timestamp": "2025-08-02 16:36:00", "level": "ERROR", "name": "app.services.auth", "message": "Error creating user: (psycopg2.OperationalError) could not translate host name "db.xpypcbugicjtzjrtorse.supabase.co" to address: Name or service not known

(Background on this error at: https://sqlalche.me/e/20/e3q8)"}
{"timestamp": "2025-08-02 16:36:00", "level": "ERROR", "name": "app.api.v1.endpoints.auth", "message": "Error in user registration: (psycopg2.OperationalError) could not translate host name "db.xpypcbugicjtzjrtorse.supabase.co" to address: Name or service not known

(Background on this error at: https://sqlalche.me/e/20/e3q8)"}
{"timestamp": "2025-08-02 16:47:57", "level": "INFO", "name": "app.main", "message": "Shutting down BigFarma Backend API"}
{"timestamp": "2025-08-02 16:50:19", "level": "INFO", "name": "app.main", "message": "Starting BigFarma Backend API"}
{"timestamp": "2025-08-02 16:50:31", "level": "ERROR", "name": "app.services.auth", "message": "Error creating user: (psycopg2.OperationalError) could not translate host name "db.xpypcbugicjtzjrtorse.supabase.co" to address: Name or service not known

(Background on this error at: https://sqlalche.me/e/20/e3q8)"}
{"timestamp": "2025-08-02 16:50:31", "level": "ERROR", "name": "app.api.v1.endpoints.auth", "message": "Error in user registration: (psycopg2.OperationalError) could not translate host name "db.xpypcbugicjtzjrtorse.supabase.co" to address: Name or service not known

(Background on this error at: https://sqlalche.me/e/20/e3q8)"}
{"timestamp": "2025-08-02 17:01:45", "level": "INFO", "name": "app.main", "message": "Shutting down BigFarma Backend API"}
{"timestamp": "2025-08-02 17:01:57", "level": "INFO", "name": "app.main", "message": "Starting BigFarma Backend API"}
{"timestamp": "2025-08-02 17:02:03", "level": "ERROR", "name": "app.services.auth", "message": "Error creating user: (psycopg2.OperationalError) could not translate host name "db.xpypcbugicjtzjrtorse.supabase.co" to address: Name or service not known

(Background on this error at: https://sqlalche.me/e/20/e3q8)"}
{"timestamp": "2025-08-02 17:02:03", "level": "ERROR", "name": "app.api.v1.endpoints.auth", "message": "Error in user registration: (psycopg2.OperationalError) could not translate host name "db.xpypcbugicjtzjrtorse.supabase.co" to address: Name or service not known

(Background on this error at: https://sqlalche.me/e/20/e3q8)"}
{"timestamp": "2025-08-02 17:02:48", "level": "INFO", "name": "app.main", "message": "Shutting down BigFarma Backend API"}
{"timestamp": "2025-08-02 17:02:55", "level": "INFO", "name": "app.main", "message": "Starting BigFarma Backend API"}
{"timestamp": "2025-08-02 17:03:21", "level": "ERROR", "name": "app.services.auth", "message": "Error creating user: (psycopg2.OperationalError) could not translate host name "db.xpypcbugicjtzjrtorse.supabase.co" to address: Name or service not known

(Background on this error at: https://sqlalche.me/e/20/e3q8)"}
{"timestamp": "2025-08-02 17:03:21", "level": "ERROR", "name": "app.api.v1.endpoints.auth", "message": "Error in user registration: (psycopg2.OperationalError) could not translate host name "db.xpypcbugicjtzjrtorse.supabase.co" to address: Name or service not known

(Background on this error at: https://sqlalche.me/e/20/e3q8)"}
{"timestamp": "2025-08-02 17:04:49", "level": "INFO", "name": "app.main", "message": "Shutting down BigFarma Backend API"}
{"timestamp": "2025-08-02 17:04:55", "level": "INFO", "name": "app.main", "message": "Starting BigFarma Backend API"}
{"timestamp": "2025-08-02 17:04:55", "level": "ERROR", "name": "app.services.auth", "message": "Error creating user: (psycopg2.OperationalError) could not translate host name "db.xpypcbugicjtzjrtorse.supabase.co" to address: Name or service not known

(Background on this error at: https://sqlalche.me/e/20/e3q8)"}
{"timestamp": "2025-08-02 17:04:55", "level": "ERROR", "name": "app.api.v1.endpoints.auth", "message": "Error in user registration: (psycopg2.OperationalError) could not translate host name "db.xpypcbugicjtzjrtorse.supabase.co" to address: Name or service not known

(Background on this error at: https://sqlalche.me/e/20/e3q8)"}
{"timestamp": "2025-08-02 17:06:17", "level": "INFO", "name": "app.main", "message": "Shutting down BigFarma Backend API"}
{"timestamp": "2025-08-02 17:06:25", "level": "INFO", "name": "app.main", "message": "Starting BigFarma Backend API"}
{"timestamp": "2025-08-02 17:06:32", "level": "ERROR", "name": "app.services.auth", "message": "Error creating user: (psycopg2.OperationalError) connection to server at "aws-0-us-east-1.pooler.supabase.com" (44.216.29.125), port 5432 failed: FATAL:  Tenant or user not found

(Background on this error at: https://sqlalche.me/e/20/e3q8)"}
{"timestamp": "2025-08-02 17:06:32", "level": "ERROR", "name": "app.api.v1.endpoints.auth", "message": "Error in user registration: (psycopg2.OperationalError) connection to server at "aws-0-us-east-1.pooler.supabase.com" (44.216.29.125), port 5432 failed: FATAL:  Tenant or user not found

(Background on this error at: https://sqlalche.me/e/20/e3q8)"}
{"timestamp": "2025-08-02 17:07:18", "level": "INFO", "name": "app.main", "message": "Shutting down BigFarma Backend API"}
{"timestamp": "2025-08-02 17:40:13", "level": "INFO", "name": "app.main", "message": "Starting BigFarma Backend API"}
{"timestamp": "2025-08-02 17:40:34", "level": "INFO", "name": "app.main", "message": "Shutting down BigFarma Backend API"}
{"timestamp": "2025-08-02 17:40:41", "level": "INFO", "name": "app.main", "message": "Starting BigFarma Backend API"}
{"timestamp": "2025-08-02 17:40:43", "level": "INFO", "name": "app.main", "message": "Shutting down BigFarma Backend API"}
{"timestamp": "2025-08-02 17:40:49", "level": "INFO", "name": "app.main", "message": "Starting BigFarma Backend API"}
{"timestamp": "2025-08-02 17:40:55", "level": "INFO", "name": "app.main", "message": "Starting BigFarma Backend API"}
{"timestamp": "2025-08-02 17:41:26", "level": "INFO", "name": "app.main", "message": "Shutting down BigFarma Backend API"}
{"timestamp": "2025-08-02 17:43:42", "level": "INFO", "name": "app.main", "message": "Starting BigFarma Backend API"}
{"timestamp": "2025-08-02 17:44:44", "level": "INFO", "name": "app.main", "message": "Shutting down BigFarma Backend API"}
{"timestamp": "2025-08-02 17:44:52", "level": "INFO", "name": "app.main", "message": "Starting BigFarma Backend API"}
{"timestamp": "2025-08-02 17:45:35", "level": "INFO", "name": "app.main", "message": "Shutting down BigFarma Backend API"}
{"timestamp": "2025-08-02 17:46:14", "level": "INFO", "name": "app.main", "message": "Starting BigFarma Backend API"}
{"timestamp": "2025-08-02 17:47:24", "level": "ERROR", "name": "app.services.auth", "message": "Error creating user: (psycopg2.errors.UndefinedTable) relation "users" does not exist
LINE 2: FROM users 
             ^

[SQL: SELECT users.id AS users_id, users.email AS users_email, users.phone AS users_phone, users.password_hash AS users_password_hash, users.is_active AS users_is_active, users.is_verified AS users_is_verified, users.is_superuser AS users_is_superuser, users.created_at AS users_created_at, users.updated_at AS users_updated_at 
FROM users 
WHERE users.email = %(email_1)s 
 LIMIT %(param_1)s]
[parameters: {'email_1': 'ngereharry5@gmail.com', 'param_1': 1}]
(Background on this error at: https://sqlalche.me/e/20/f405)"}
{"timestamp": "2025-08-02 17:47:24", "level": "ERROR", "name": "app.api.v1.endpoints.auth", "message": "Error in user registration: (psycopg2.errors.UndefinedTable) relation "users" does not exist
LINE 2: FROM users 
             ^

[SQL: SELECT users.id AS users_id, users.email AS users_email, users.phone AS users_phone, users.password_hash AS users_password_hash, users.is_active AS users_is_active, users.is_verified AS users_is_verified, users.is_superuser AS users_is_superuser, users.created_at AS users_created_at, users.updated_at AS users_updated_at 
FROM users 
WHERE users.email = %(email_1)s 
 LIMIT %(param_1)s]
[parameters: {'email_1': 'ngereharry5@gmail.com', 'param_1': 1}]
(Background on this error at: https://sqlalche.me/e/20/f405)"}
{"timestamp": "2025-08-02 17:47:44", "level": "INFO", "name": "app.main", "message": "Shutting down BigFarma Backend API"}
{"timestamp": "2025-08-02 17:48:05", "level": "INFO", "name": "app.main", "message": "Starting BigFarma Backend API"}
{"timestamp": "2025-08-02 17:48:15", "level": "ERROR", "name": "app.services.auth", "message": "Error creating user: (psycopg2.errors.UndefinedTable) relation "users" does not exist
LINE 2: FROM users 
             ^

[SQL: SELECT users.id AS users_id, users.email AS users_email, users.phone AS users_phone, users.password_hash AS users_password_hash, users.is_active AS users_is_active, users.is_verified AS users_is_verified, users.is_superuser AS users_is_superuser, users.created_at AS users_created_at, users.updated_at AS users_updated_at 
FROM users 
WHERE users.email = %(email_1)s 
 LIMIT %(param_1)s]
[parameters: {'email_1': 'ngereharry5@gmail.com', 'param_1': 1}]
(Background on this error at: https://sqlalche.me/e/20/f405)"}
{"timestamp": "2025-08-02 17:48:15", "level": "ERROR", "name": "app.api.v1.endpoints.auth", "message": "Error in user registration: (psycopg2.errors.UndefinedTable) relation "users" does not exist
LINE 2: FROM users 
             ^

[SQL: SELECT users.id AS users_id, users.email AS users_email, users.phone AS users_phone, users.password_hash AS users_password_hash, users.is_active AS users_is_active, users.is_verified AS users_is_verified, users.is_superuser AS users_is_superuser, users.created_at AS users_created_at, users.updated_at AS users_updated_at 
FROM users 
WHERE users.email = %(email_1)s 
 LIMIT %(param_1)s]
[parameters: {'email_1': 'ngereharry5@gmail.com', 'param_1': 1}]
(Background on this error at: https://sqlalche.me/e/20/f405)"}
{"timestamp": "2025-08-02 17:48:20", "level": "INFO", "name": "app.main", "message": "Shutting down BigFarma Backend API"}
{"timestamp": "2025-08-02 17:48:32", "level": "INFO", "name": "app.main", "message": "Starting BigFarma Backend API"}
{"timestamp": "2025-08-02 17:48:37", "level": "INFO", "name": "app.main", "message": "Starting BigFarma Backend API"}
{"timestamp": "2025-08-02 17:49:58", "level": "WARNING", "name": "passlib.handlers.bcrypt", "message": "(trapped) error reading bcrypt version"}
Traceback (most recent call last):
  File "C:\Users\Harry\AppData\Local\Programs\Python\Python313\Lib\site-packages\passlib\handlers\bcrypt.py", line 620, in _load_backend_mixin
    version = _bcrypt.__about__.__version__
              ^^^^^^^^^^^^^^^^^
AttributeError: module 'bcrypt' has no attribute '__about__'
{"timestamp": "2025-08-02 17:49:58", "level": "INFO", "name": "app.main", "message": "Starting BigFarma Backend API"}
{"timestamp": "2025-08-02 17:50:00", "level": "INFO", "name": "app.services.auth", "message": "User created successfully: ngereharry5@gmail.com"}
{"timestamp": "2025-08-02 17:50:44", "level": "INFO", "name": "app.main", "message": "Shutting down BigFarma Backend API"}
{"timestamp": "2025-08-02 17:50:44", "level": "INFO", "name": "app.main", "message": "Shutting down BigFarma Backend API"}
{"timestamp": "2025-08-02 17:50:56", "level": "INFO", "name": "app.main", "message": "Starting BigFarma Backend API"}
{"timestamp": "2025-08-02 17:50:59", "level": "INFO", "name": "app.main", "message": "Starting BigFarma Backend API"}
{"timestamp": "2025-08-02 17:51:16", "level": "INFO", "name": "app.main", "message": "Shutting down BigFarma Backend API"}
{"timestamp": "2025-08-02 17:51:16", "level": "INFO", "name": "app.main", "message": "Shutting down BigFarma Backend API"}
{"timestamp": "2025-08-02 17:51:22", "level": "INFO", "name": "app.main", "message": "Starting BigFarma Backend API"}
{"timestamp": "2025-08-02 17:51:23", "level": "INFO", "name": "app.main", "message": "Starting BigFarma Backend API"}
{"timestamp": "2025-08-02 17:54:34", "level": "INFO", "name": "app.main", "message": "Shutting down BigFarma Backend API"}
{"timestamp": "2025-08-02 17:54:34", "level": "INFO", "name": "app.main", "message": "Shutting down BigFarma Backend API"}
{"timestamp": "2025-08-02 17:54:39", "level": "INFO", "name": "app.main", "message": "Starting BigFarma Backend API"}
{"timestamp": "2025-08-02 17:54:39", "level": "INFO", "name": "app.main", "message": "Starting BigFarma Backend API"}
{"timestamp": "2025-08-02 17:54:45", "level": "INFO", "name": "app.main", "message": "Shutting down BigFarma Backend API"}
{"timestamp": "2025-08-02 17:54:45", "level": "INFO", "name": "app.main", "message": "Shutting down BigFarma Backend API"}
{"timestamp": "2025-08-02 17:54:50", "level": "INFO", "name": "app.main", "message": "Starting BigFarma Backend API"}
{"timestamp": "2025-08-02 17:54:50", "level": "INFO", "name": "app.main", "message": "Starting BigFarma Backend API"}
{"timestamp": "2025-08-02 17:55:18", "level": "INFO", "name": "app.main", "message": "Shutting down BigFarma Backend API"}
{"timestamp": "2025-08-02 17:55:18", "level": "INFO", "name": "app.main", "message": "Shutting down BigFarma Backend API"}
{"timestamp": "2025-08-02 17:55:23", "level": "INFO", "name": "app.main", "message": "Starting BigFarma Backend API"}
{"timestamp": "2025-08-02 17:55:23", "level": "INFO", "name": "app.main", "message": "Starting BigFarma Backend API"}
{"timestamp": "2025-08-02 17:55:34", "level": "INFO", "name": "app.main", "message": "Shutting down BigFarma Backend API"}
{"timestamp": "2025-08-02 17:55:34", "level": "INFO", "name": "app.main", "message": "Shutting down BigFarma Backend API"}
{"timestamp": "2025-08-02 17:55:40", "level": "INFO", "name": "app.main", "message": "Starting BigFarma Backend API"}
{"timestamp": "2025-08-02 17:55:40", "level": "INFO", "name": "app.main", "message": "Starting BigFarma Backend API"}
{"timestamp": "2025-08-02 17:55:47", "level": "INFO", "name": "app.main", "message": "Shutting down BigFarma Backend API"}
{"timestamp": "2025-08-02 17:55:47", "level": "INFO", "name": "app.main", "message": "Shutting down BigFarma Backend API"}
{"timestamp": "2025-08-02 17:55:53", "level": "INFO", "name": "app.main", "message": "Starting BigFarma Backend API"}
{"timestamp": "2025-08-02 17:55:56", "level": "INFO", "name": "app.main", "message": "Starting BigFarma Backend API"}
{"timestamp": "2025-08-02 17:57:25", "level": "INFO", "name": "app.main", "message": "Shutting down BigFarma Backend API"}
{"timestamp": "2025-08-02 17:57:25", "level": "INFO", "name": "app.main", "message": "Shutting down BigFarma Backend API"}
{"timestamp": "2025-08-02 17:57:33", "level": "INFO", "name": "app.main", "message": "Starting BigFarma Backend API"}
{"timestamp": "2025-08-02 17:57:33", "level": "INFO", "name": "app.main", "message": "Starting BigFarma Backend API"}
{"timestamp": "2025-08-02 17:57:39", "level": "INFO", "name": "app.main", "message": "Shutting down BigFarma Backend API"}
{"timestamp": "2025-08-02 17:57:39", "level": "INFO", "name": "app.main", "message": "Shutting down BigFarma Backend API"}
{"timestamp": "2025-08-02 17:57:49", "level": "INFO", "name": "app.main", "message": "Starting BigFarma Backend API"}
{"timestamp": "2025-08-02 17:57:49", "level": "INFO", "name": "app.main", "message": "Starting BigFarma Backend API"}
{"timestamp": "2025-08-02 17:59:32", "level": "INFO", "name": "app.main", "message": "Shutting down BigFarma Backend API"}
{"timestamp": "2025-08-02 17:59:32", "level": "INFO", "name": "app.main", "message": "Shutting down BigFarma Backend API"}
{"timestamp": "2025-08-02 17:59:46", "level": "INFO", "name": "app.main", "message": "Starting BigFarma Backend API"}
{"timestamp": "2025-08-02 17:59:47", "level": "INFO", "name": "app.main", "message": "Starting BigFarma Backend API"}
{"timestamp": "2025-08-02 17:59:52", "level": "INFO", "name": "app.main", "message": "Starting BigFarma Backend API"}
{"timestamp": "2025-08-02 17:59:53", "level": "INFO", "name": "app.main", "message": "Starting BigFarma Backend API"}
{"timestamp": "2025-08-02 18:06:54", "level": "INFO", "name": "app.main", "message": "Shutting down BigFarma Backend API"}
{"timestamp": "2025-08-02 18:06:54", "level": "INFO", "name": "app.main", "message": "Shutting down BigFarma Backend API"}
{"timestamp": "2025-08-02 18:07:01", "level": "INFO", "name": "app.main", "message": "Starting BigFarma Backend API"}
{"timestamp": "2025-08-02 18:07:01", "level": "INFO", "name": "app.main", "message": "Starting BigFarma Backend API"}
{"timestamp": "2025-08-02 18:07:46", "level": "INFO", "name": "app.main", "message": "Shutting down BigFarma Backend API"}
{"timestamp": "2025-08-02 18:07:46", "level": "INFO", "name": "app.main", "message": "Shutting down BigFarma Backend API"}
{"timestamp": "2025-08-02 18:08:00", "level": "INFO", "name": "app.main", "message": "Starting BigFarma Backend API"}
{"timestamp": "2025-08-02 18:08:04", "level": "INFO", "name": "app.main", "message": "Starting BigFarma Backend API"}
{"timestamp": "2025-08-02 18:08:36", "level": "INFO", "name": "app.main", "message": "Shutting down BigFarma Backend API"}
{"timestamp": "2025-08-02 18:08:36", "level": "INFO", "name": "app.main", "message": "Shutting down BigFarma Backend API"}
{"timestamp": "2025-08-02 18:08:52", "level": "INFO", "name": "app.main", "message": "Starting BigFarma Backend API"}
{"timestamp": "2025-08-02 18:08:54", "level": "INFO", "name": "app.main", "message": "Starting BigFarma Backend API"}
{"timestamp": "2025-08-02 18:11:55", "level": "INFO", "name": "app.main", "message": "Shutting down BigFarma Backend API"}
{"timestamp": "2025-08-02 18:11:55", "level": "INFO", "name": "app.main", "message": "Shutting down BigFarma Backend API"}
{"timestamp": "2025-08-02 18:12:10", "level": "INFO", "name": "app.main", "message": "Starting BigFarma Backend API"}
{"timestamp": "2025-08-02 18:12:10", "level": "INFO", "name": "app.main", "message": "Starting BigFarma Backend API"}
{"timestamp": "2025-08-02 18:12:59", "level": "INFO", "name": "app.main", "message": "Shutting down BigFarma Backend API"}
{"timestamp": "2025-08-02 18:12:59", "level": "INFO", "name": "app.main", "message": "Shutting down BigFarma Backend API"}
{"timestamp": "2025-08-02 19:15:35", "level": "INFO", "name": "app.main", "message": "Starting BigFarma Backend API"}
{"timestamp": "2025-08-02 19:15:42", "level": "INFO", "name": "app.main", "message": "Shutting down BigFarma Backend API"}
{"timestamp": "2025-08-02 19:15:46", "level": "INFO", "name": "app.main", "message": "Starting BigFarma Backend API"}
{"timestamp": "2025-08-02 19:15:50", "level": "INFO", "name": "app.main", "message": "Shutting down BigFarma Backend API"}
{"timestamp": "2025-08-02 19:15:53", "level": "INFO", "name": "app.main", "message": "Starting BigFarma Backend API"}
{"timestamp": "2025-08-02 19:15:57", "level": "INFO", "name": "app.main", "message": "Shutting down BigFarma Backend API"}
{"timestamp": "2025-08-02 19:16:01", "level": "INFO", "name": "app.main", "message": "Starting BigFarma Backend API"}
{"timestamp": "2025-08-02 19:16:04", "level": "INFO", "name": "app.main", "message": "Shutting down BigFarma Backend API"}
{"timestamp": "2025-08-02 19:16:07", "level": "INFO", "name": "app.main", "message": "Starting BigFarma Backend API"}
{"timestamp": "2025-08-02 19:16:10", "level": "INFO", "name": "app.main", "message": "Shutting down BigFarma Backend API"}
{"timestamp": "2025-08-02 19:16:14", "level": "INFO", "name": "app.main", "message": "Starting BigFarma Backend API"}
{"timestamp": "2025-08-02 19:16:17", "level": "INFO", "name": "app.main", "message": "Shutting down BigFarma Backend API"}
{"timestamp": "2025-08-02 19:16:20", "level": "INFO", "name": "app.main", "message": "Starting BigFarma Backend API"}
{"timestamp": "2025-08-02 19:16:24", "level": "INFO", "name": "app.main", "message": "Shutting down BigFarma Backend API"}
{"timestamp": "2025-08-02 19:16:27", "level": "INFO", "name": "app.main", "message": "Starting BigFarma Backend API"}
{"timestamp": "2025-08-02 19:16:32", "level": "INFO", "name": "app.main", "message": "Shutting down BigFarma Backend API"}
{"timestamp": "2025-08-02 19:16:36", "level": "INFO", "name": "app.main", "message": "Starting BigFarma Backend API"}
{"timestamp": "2025-08-02 19:16:46", "level": "INFO", "name": "app.main", "message": "Shutting down BigFarma Backend API"}
{"timestamp": "2025-08-02 19:16:50", "level": "INFO", "name": "app.main", "message": "Starting BigFarma Backend API"}
{"timestamp": "2025-08-02 19:16:55", "level": "INFO", "name": "app.main", "message": "Shutting down BigFarma Backend API"}
{"timestamp": "2025-08-02 19:16:58", "level": "INFO", "name": "app.main", "message": "Starting BigFarma Backend API"}
{"timestamp": "2025-08-02 19:17:09", "level": "INFO", "name": "app.main", "message": "Shutting down BigFarma Backend API"}
{"timestamp": "2025-08-02 19:17:12", "level": "INFO", "name": "app.main", "message": "Starting BigFarma Backend API"}
{"timestamp": "2025-08-02 19:17:26", "level": "INFO", "name": "app.main", "message": "Shutting down BigFarma Backend API"}
{"timestamp": "2025-08-02 19:17:29", "level": "INFO", "name": "app.main", "message": "Starting BigFarma Backend API"}
{"timestamp": "2025-08-02 19:17:40", "level": "INFO", "name": "app.main", "message": "Shutting down BigFarma Backend API"}
{"timestamp": "2025-08-02 19:17:43", "level": "INFO", "name": "app.main", "message": "Starting BigFarma Backend API"}
{"timestamp": "2025-08-02 19:17:54", "level": "INFO", "name": "app.main", "message": "Shutting down BigFarma Backend API"}
{"timestamp": "2025-08-02 19:17:58", "level": "INFO", "name": "app.main", "message": "Starting BigFarma Backend API"}
{"timestamp": "2025-08-02 19:18:20", "level": "INFO", "name": "app.main", "message": "Shutting down BigFarma Backend API"}
{"timestamp": "2025-08-02 19:18:26", "level": "INFO", "name": "app.main", "message": "Starting BigFarma Backend API"}
{"timestamp": "2025-08-02 19:20:17", "level": "INFO", "name": "app.main", "message": "Shutting down BigFarma Backend API"}
{"timestamp": "2025-08-02 19:21:14", "level": "INFO", "name": "app.main", "message": "Starting BigFarma Backend API"}
{"timestamp": "2025-08-02 19:21:18", "level": "INFO", "name": "app.main", "message": "Shutting down BigFarma Backend API"}
{"timestamp": "2025-08-02 19:21:22", "level": "INFO", "name": "app.main", "message": "Starting BigFarma Backend API"}
{"timestamp": "2025-08-02 19:21:29", "level": "INFO", "name": "app.main", "message": "Shutting down BigFarma Backend API"}
{"timestamp": "2025-08-02 19:21:32", "level": "INFO", "name": "app.main", "message": "Starting BigFarma Backend API"}
{"timestamp": "2025-08-02 19:21:36", "level": "INFO", "name": "app.main", "message": "Shutting down BigFarma Backend API"}
{"timestamp": "2025-08-02 19:21:39", "level": "INFO", "name": "app.main", "message": "Starting BigFarma Backend API"}
{"timestamp": "2025-08-02 19:22:23", "level": "INFO", "name": "app.main", "message": "Shutting down BigFarma Backend API"}
{"timestamp": "2025-08-02 19:22:34", "level": "INFO", "name": "app.main", "message": "Starting BigFarma Backend API"}
{"timestamp": "2025-08-02 19:22:42", "level": "INFO", "name": "app.main", "message": "Shutting down BigFarma Backend API"}
{"timestamp": "2025-08-02 19:22:46", "level": "INFO", "name": "app.main", "message": "Starting BigFarma Backend API"}
{"timestamp": "2025-08-02 19:24:36", "level": "INFO", "name": "app.main", "message": "Shutting down BigFarma Backend API"}
{"timestamp": "2025-08-02 19:24:39", "level": "INFO", "name": "app.main", "message": "Starting BigFarma Backend API"}
{"timestamp": "2025-08-02 19:24:44", "level": "INFO", "name": "app.main", "message": "Shutting down BigFarma Backend API"}
{"timestamp": "2025-08-02 19:24:47", "level": "INFO", "name": "app.main", "message": "Starting BigFarma Backend API"}
{"timestamp": "2025-08-02 19:25:36", "level": "INFO", "name": "app.main", "message": "Shutting down BigFarma Backend API"}
{"timestamp": "2025-08-02 19:25:47", "level": "INFO", "name": "app.main", "message": "Starting BigFarma Backend API"}
{"timestamp": "2025-08-02 19:26:34", "level": "INFO", "name": "app.main", "message": "Shutting down BigFarma Backend API"}
{"timestamp": "2025-08-02 19:26:42", "level": "INFO", "name": "app.main", "message": "Starting BigFarma Backend API"}
{"timestamp": "2025-08-02 19:29:02", "level": "ERROR", "name": "app.services.auth", "message": "Error creating user: 409: User with this email already exists"}
{"timestamp": "2025-08-02 19:29:02", "level": "ERROR", "name": "app.main", "message": "Custom exception occurred"}
{"timestamp": "2025-08-02 19:37:06", "level": "INFO", "name": "app.main", "message": "Shutting down BigFarma Backend API"}
{"timestamp": "2025-08-02 19:37:12", "level": "INFO", "name": "app.main", "message": "Starting BigFarma Backend API"}
{"timestamp": "2025-08-02 19:42:33", "level": "INFO", "name": "app.services.auth", "message": "OTP created for user: ngereharry5@gmail.com, type: email"}
{"timestamp": "2025-08-02 19:42:35", "level": "ERROR", "name": "app.services.auth", "message": "Error sending OTP email to ngereharry5@gmail.com: (535, b'5.7.8 Username and Password not accepted. For more information, go to\n5.7.8  https://support.google.com/mail/?p=BadCredentials ffacd0b85a97d-3b79c3abf0csm9730872f8f.14 - gsmtp')"}
{"timestamp": "2025-08-02 19:44:24", "level": "INFO", "name": "app.services.auth", "message": "OTP verified successfully for user: ngereharry5@gmail.com"}
{"timestamp": "2025-08-02 19:45:19", "level": "WARNING", "name": "passlib.handlers.bcrypt", "message": "(trapped) error reading bcrypt version"}
Traceback (most recent call last):
  File "C:\Users\Harry\AppData\Local\Programs\Python\Python313\Lib\site-packages\passlib\handlers\bcrypt.py", line 620, in _load_backend_mixin
    version = _bcrypt.__about__.__version__
              ^^^^^^^^^^^^^^^^^
AttributeError: module 'bcrypt' has no attribute '__about__'
{"timestamp": "2025-08-02 19:45:20", "level": "ERROR", "name": "app.main", "message": "Custom exception occurred"}
{"timestamp": "2025-08-02 19:52:53", "level": "INFO", "name": "app.services.auth", "message": "OTP created for user: ngereharry5@gmail.com, type: email"}
{"timestamp": "2025-08-02 19:52:54", "level": "ERROR", "name": "app.services.auth", "message": "Error sending OTP email to ngereharry5@gmail.com: (535, b'5.7.8 Username and Password not accepted. For more information, go to\n5.7.8  https://support.google.com/mail/?p=BadCredentials 5b1f17b1804b1-458bdfb5927sm22977935e9.18 - gsmtp')"}
{"timestamp": "2025-08-02 19:55:27", "level": "INFO", "name": "app.main", "message": "Shutting down BigFarma Backend API"}
{"timestamp": "2025-08-02 19:55:48", "level": "INFO", "name": "app.main", "message": "Starting BigFarma Backend API"}
{"timestamp": "2025-08-02 19:55:52", "level": "INFO", "name": "app.main", "message": "Shutting down BigFarma Backend API"}
{"timestamp": "2025-08-02 19:56:01", "level": "INFO", "name": "app.main", "message": "Starting BigFarma Backend API"}
{"timestamp": "2025-08-02 19:56:45", "level": "INFO", "name": "app.main", "message": "Shutting down BigFarma Backend API"}
{"timestamp": "2025-08-02 19:57:00", "level": "INFO", "name": "app.main", "message": "Starting BigFarma Backend API"}
{"timestamp": "2025-08-02 20:00:09", "level": "INFO", "name": "app.services.auth", "message": "OTP created for user: ngereharry5@gmail.com, type: email"}
{"timestamp": "2025-08-02 20:00:09", "level": "WARNING", "name": "app.services.auth", "message": "SMTP credentials not configured. OTP code: 618133"}
{"timestamp": "2025-08-02 20:01:51", "level": "INFO", "name": "app.main", "message": "Shutting down BigFarma Backend API"}
{"timestamp": "2025-08-02 20:02:07", "level": "INFO", "name": "app.main", "message": "Starting BigFarma Backend API"}
{"timestamp": "2025-08-02 20:02:17", "level": "INFO", "name": "app.services.auth", "message": "OTP created for user: ngereharry5@gmail.com, type: email"}
{"timestamp": "2025-08-02 20:02:17", "level": "WARNING", "name": "app.services.auth", "message": "SMTP credentials not configured. OTP code: 350989"}
{"timestamp": "2025-08-02 20:25:08", "level": "INFO", "name": "app.main", "message": "Shutting down BigFarma Backend API"}
{"timestamp": "2025-08-02 20:25:16", "level": "INFO", "name": "app.main", "message": "Starting BigFarma Backend API"}
{"timestamp": "2025-08-02 20:30:41", "level": "INFO", "name": "app.main", "message": "Shutting down BigFarma Backend API"}
{"timestamp": "2025-08-02 20:32:26", "level": "INFO", "name": "app.main", "message": "Starting BigFarma Backend API"}
{"timestamp": "2025-08-02 20:32:30", "level": "INFO", "name": "app.main", "message": "Starting BigFarma Backend API"}
{"timestamp": "2025-08-02 20:32:46", "level": "INFO", "name": "app.services.auth", "message": "OTP created for user: ngereharry5@gmail.com, type: email"}
{"timestamp": "2025-08-02 20:32:46", "level": "INFO", "name": "app.services.auth", "message": "Attempting to send OTP email to ngereharry5@gmail.com via smtp.gmail.com:587"}
{"timestamp": "2025-08-02 20:32:47", "level": "INFO", "name": "app.services.auth", "message": "SMTP login successful"}
{"timestamp": "2025-08-02 20:32:49", "level": "INFO", "name": "app.services.auth", "message": "OTP email sent successfully to ngereharry5@gmail.com for email"}
{"timestamp": "2025-08-02 20:44:55", "level": "INFO", "name": "app.main", "message": "Shutting down BigFarma Backend API"}
{"timestamp": "2025-08-02 20:45:01", "level": "INFO", "name": "app.main", "message": "Starting BigFarma Backend API"}
{"timestamp": "2025-08-02 20:45:29", "level": "INFO", "name": "app.main", "message": "Shutting down BigFarma Backend API"}
{"timestamp": "2025-08-02 20:45:36", "level": "INFO", "name": "app.main", "message": "Starting BigFarma Backend API"}
{"timestamp": "2025-08-02 20:45:48", "level": "INFO", "name": "app.services.auth", "message": "OTP created for user: ngereharry5@gmail.com, type: email"}
{"timestamp": "2025-08-02 20:45:48", "level": "INFO", "name": "app.services.auth", "message": "Attempting to send OTP email to ngereharry5@gmail.com via smtp.gmail.com:587"}
{"timestamp": "2025-08-02 20:45:49", "level": "INFO", "name": "app.services.auth", "message": "SMTP login successful"}
{"timestamp": "2025-08-02 20:45:51", "level": "INFO", "name": "app.services.auth", "message": "OTP email sent successfully to ngereharry5@gmail.com for email"}
{"timestamp": "2025-08-02 20:46:29", "level": "INFO", "name": "app.main", "message": "Shutting down BigFarma Backend API"}
{"timestamp": "2025-08-02 20:46:33", "level": "INFO", "name": "app.main", "message": "Starting BigFarma Backend API"}
{"timestamp": "2025-08-02 21:06:30", "level": "INFO", "name": "app.main", "message": "Shutting down BigFarma Backend API"}
{"timestamp": "2025-08-04 18:05:04", "level": "INFO", "name": "app.main", "message": "Starting BigFarma Backend API"}
{"timestamp": "2025-08-04 18:06:50", "level": "INFO", "name": "app.main", "message": "Shutting down BigFarma Backend API"}
